#
# There is insufficient memory for the Java Runtime Environment to continue.
# Native memory allocation (malloc) failed to allocate 1048576 bytes. Error detail: AllocateHeap
# Possible reasons:
#   The system is out of physical RAM or swap space
#   This process is running with CompressedOops enabled, and the Java Heap may be blocking the growth of the native heap
# Possible solutions:
#   Reduce memory load on the system
#   Increase physical memory or swap space
#   Check if swap backing store is full
#   Decrease Java heap size (-Xmx/-Xms)
#   Decrease number of Java threads
#   Decrease Java thread stack sizes (-Xss)
#   Set larger code cache with -XX:ReservedCodeCacheSize=
#   JVM is running with Unscaled Compressed Oops mode in which the Java heap is
#     placed in the first 4GB address space. The Java Heap base address is the
#     maximum limit for the native heap growth. Please use -XX:HeapBaseMinAddress
#     to set the Java Heap base and to place the Java Heap above 4GB virtual address.
# This output file may be truncated or incomplete.
#
#  Out of Memory Error (allocation.cpp:44), pid=6768, tid=10616
#
# JRE version: OpenJDK Runtime Environment Temurin-21.0.10+7 (21.0.10+7) (build 21.0.10+7-LTS)
# Java VM: OpenJDK 64-Bit Server VM Temurin-21.0.10+7 (21.0.10+7-LTS, mixed mode, sharing, tiered, compressed oops, compressed class ptrs, parallel gc, windows-amd64)
# No core dump will be written. Minidumps are not enabled by default on client versions of Windows
#

---------------  S U M M A R Y ------------

Command Line: --add-modules=ALL-SYSTEM --add-opens=java.base/java.util=ALL-UNNAMED --add-opens=java.base/java.lang=ALL-UNNAMED --add-opens=java.base/sun.nio.fs=ALL-UNNAMED -Declipse.application=org.eclipse.jdt.ls.core.id1 -Dosgi.bundles.defaultStartLevel=4 -Declipse.product=org.eclipse.jdt.ls.core.product -Djava.import.generatesMetadataFilesAtProjectRoot=false -DDetectVMInstallationsJob.disabled=true -Dfile.encoding=utf8 -XX:+UseParallelGC -XX:GCTimeRatio=4 -XX:AdaptiveSizePolicyWeight=90 -Dsun.zip.disableMemoryMapping=true -Xmx2G -Xms100m -Xlog:disable -javaagent:c:\Users\user\.vscode\extensions\redhat.java-1.54.0-win32-x64\lombok\lombok-1.18.39-4050.jar -XX:+HeapDumpOnOutOfMemoryError -XX:HeapDumpPath=c:\Users\user\AppData\Roaming\Code\User\workspaceStorage\782abde0800fc041f1ff3781254eac8f\redhat.java -Daether.dependencyCollector.impl=bf c:\Users\user\.vscode\extensions\redhat.java-1.54.0-win32-x64\server\plugins\org.eclipse.equinox.launcher_1.7.100.v20251111-0406.jar -configuration c:\Users\user\AppData\Roaming\Code\User\globalStorage\redhat.java\1.54.0\config_win -data c:\Users\user\AppData\Roaming\Code\User\workspaceStorage\782abde0800fc041f1ff3781254eac8f\redhat.java\jdt_ws --pipe=\\.\pipe\lsp-9980343d6608bdb50b0cc86ba10dd021-sock

Host: AMD Ryzen 3 3250U with Radeon Graphics         , 4 cores, 3G,  Windows 11 , 64 bit Build 26100 (10.0.26100.8521)
Time: Fri May 29 12:08:50 2026 SE Asia Standard Time elapsed time: 7427.945214 seconds (0d 2h 3m 47s)

---------------  T H R E A D  ---------------

Current thread (0x000001fc44342b50):  JavaThread "Attach Listener" daemon [_thread_in_vm, id=10616, stack(0x0000003c4c000000,0x0000003c4c100000) (1024K)]

Stack: [0x0000003c4c000000,0x0000003c4c100000]
Native frames: (J=compiled Java code, j=interpreted, Vv=VM code, C=native code)
V  [jvm.dll+0x6d7a39]
V  [jvm.dll+0x8b4b26]
V  [jvm.dll+0x8b70de]
V  [jvm.dll+0x8b77c3]
V  [jvm.dll+0x284346]
V  [jvm.dll+0xc1277]
V  [jvm.dll+0x6d82e9]
V  [jvm.dll+0x1334a6]
V  [jvm.dll+0x3f857e]
V  [jvm.dll+0x85f59d]
V  [jvm.dll+0x6d626d]
C  [ucrtbase.dll+0x2cd30]
C  [KERNEL32.DLL+0x2e957]
C  [ntdll.dll+0x87c1c]


---------------  P R O C E S S  ---------------

Threads class SMR info:
_java_thread_list=0x000001fc8bce1b40, length=31, elements={
0x000001fc2dbfbac0, 0x000001fc2dcb99c0, 0x000001fc2dcbd540, 0x000001fc2dcbe1a0,
0x000001fc44342b50, 0x000001fc44343e80, 0x000001fc44344b40, 0x000001fc44347b60,
0x000001fc443c19f0, 0x000001fc8624cde0, 0x000001fc86570120, 0x000001fc868bef70,
0x000001fc869e21d0, 0x000001fc8625b880, 0x000001fc8625bef0, 0x000001fc86430850,
0x000001fc86757300, 0x000001fc8b267030, 0x000001fc86c81830, 0x000001fc86c83270,
0x000001fc8df1bf60, 0x000001fc8df1cc80, 0x000001fc8df1c5f0, 0x000001fc8df1d310,
0x000001fc8df19e90, 0x000001fc8df1d9a0, 0x000001fc8df1a520, 0x000001fc8df1e030,
0x000001fc8df1f3e0, 0x000001fc8df1ed50, 0x000001fc8c70efe0
}

Java Threads: ( => current thread )
  0x000001fc2dbfbac0 JavaThread "main"                              [_thread_blocked, id=10012, stack(0x0000003c4b900000,0x0000003c4ba00000) (1024K)]
  0x000001fc2dcb99c0 JavaThread "Reference Handler"          daemon [_thread_blocked, id=5040, stack(0x0000003c4bd00000,0x0000003c4be00000) (1024K)]
  0x000001fc2dcbd540 JavaThread "Finalizer"                  daemon [_thread_blocked, id=9036, stack(0x0000003c4be00000,0x0000003c4bf00000) (1024K)]
  0x000001fc2dcbe1a0 JavaThread "Signal Dispatcher"          daemon [_thread_blocked, id=9388, stack(0x0000003c4bf00000,0x0000003c4c000000) (1024K)]
=>0x000001fc44342b50 JavaThread "Attach Listener"            daemon [_thread_in_vm, id=10616, stack(0x0000003c4c000000,0x0000003c4c100000) (1024K)]
  0x000001fc44343e80 JavaThread "Service Thread"             daemon [_thread_blocked, id=10252, stack(0x0000003c4c100000,0x0000003c4c200000) (1024K)]
  0x000001fc44344b40 JavaThread "Monitor Deflation Thread"   daemon [_thread_blocked, id=4580, stack(0x0000003c4c200000,0x0000003c4c300000) (1024K)]
  0x000001fc44347b60 JavaThread "C2 CompilerThread0"         daemon [_thread_blocked, id=4420, stack(0x0000003c4c300000,0x0000003c4c400000) (1024K)]
  0x000001fc443c19f0 JavaThread "C1 CompilerThread0"         daemon [_thread_blocked, id=4188, stack(0x0000003c4c400000,0x0000003c4c500000) (1024K)]
  0x000001fc8624cde0 JavaThread "Common-Cleaner"             daemon [_thread_blocked, id=10668, stack(0x0000003c4c500000,0x0000003c4c600000) (1024K)]
  0x000001fc86570120 JavaThread "Notification Thread"        daemon [_thread_blocked, id=10000, stack(0x0000003c4c600000,0x0000003c4c700000) (1024K)]
  0x000001fc868bef70 JavaThread "Active Thread: Equinox Container: 3fb1d43b-2d8e-44dc-8f78-ddd92ab3b963"        [_thread_blocked, id=3408, stack(0x0000003c4ca00000,0x0000003c4cb00000) (1024K)]
  0x000001fc869e21d0 JavaThread "Refresh Thread: Equinox Container: 3fb1d43b-2d8e-44dc-8f78-ddd92ab3b963" daemon [_thread_blocked, id=11780, stack(0x0000003c4cb00000,0x0000003c4cc00000) (1024K)]
  0x000001fc8625b880 JavaThread "Framework Event Dispatcher: Equinox Container: 3fb1d43b-2d8e-44dc-8f78-ddd92ab3b963" daemon [_thread_blocked, id=11792, stack(0x0000003c4cc00000,0x0000003c4cd00000) (1024K)]
  0x000001fc8625bef0 JavaThread "Start Level: Equinox Container: 3fb1d43b-2d8e-44dc-8f78-ddd92ab3b963" daemon [_thread_blocked, id=11796, stack(0x0000003c4cd00000,0x0000003c4ce00000) (1024K)]
  0x000001fc86430850 JavaThread "Bundle File Closer"         daemon [_thread_blocked, id=5844, stack(0x0000003c4ce00000,0x0000003c4cf00000) (1024K)]
  0x000001fc86757300 JavaThread "SCR Component Actor"        daemon [_thread_blocked, id=2620, stack(0x0000003c4cf00000,0x0000003c4d000000) (1024K)]
  0x000001fc8b267030 JavaThread "Worker-JM"                         [_thread_blocked, id=8496, stack(0x0000003c4b700000,0x0000003c4b800000) (1024K)]
  0x000001fc86c81830 JavaThread "JNA Cleaner"                daemon [_thread_blocked, id=2740, stack(0x0000003c4d100000,0x0000003c4d200000) (1024K)]
  0x000001fc86c83270 JavaThread "Java indexing"              daemon [_thread_blocked, id=10564, stack(0x0000003c4d600000,0x0000003c4d700000) (1024K)]
  0x000001fc8df1bf60 JavaThread "Thread-1"                   daemon [_thread_in_native, id=6264, stack(0x0000003c4dc00000,0x0000003c4dd00000) (1024K)]
  0x000001fc8df1cc80 JavaThread "Thread-2"                   daemon [_thread_in_native, id=7748, stack(0x0000003c4dd00000,0x0000003c4de00000) (1024K)]
  0x000001fc8df1c5f0 JavaThread "Thread-3"                   daemon [_thread_in_native, id=7816, stack(0x0000003c4de00000,0x0000003c4df00000) (1024K)]
  0x000001fc8df1d310 JavaThread "Thread-4"                   daemon [_thread_in_native, id=5452, stack(0x0000003c4df00000,0x0000003c4e000000) (1024K)]
  0x000001fc8df19e90 JavaThread "Thread-5"                   daemon [_thread_in_native, id=5584, stack(0x0000003c4e000000,0x0000003c4e100000) (1024K)]
  0x000001fc8df1d9a0 JavaThread "pool-2-thread-1"                   [_thread_blocked, id=2864, stack(0x0000003c4e100000,0x0000003c4e200000) (1024K)]
  0x000001fc8df1a520 JavaThread "WorkspaceEventsHandler"            [_thread_blocked, id=7460, stack(0x0000003c4e200000,0x0000003c4e300000) (1024K)]
  0x000001fc8df1e030 JavaThread "pool-1-thread-1"                   [_thread_blocked, id=11572, stack(0x0000003c4e300000,0x0000003c4e400000) (1024K)]
  0x000001fc8df1f3e0 JavaThread "Cleaner-0"                  daemon [_thread_blocked, id=11944, stack(0x0000003c4d400000,0x0000003c4d500000) (1024K)]
  0x000001fc8df1ed50 JavaThread "Worker-6"                          [_thread_blocked, id=6316, stack(0x0000003c4d200000,0x0000003c4d300000) (1024K)]
  0x000001fc8c70efe0 JavaThread "Worker-9"                          [_thread_blocked, id=4440, stack(0x0000003c4d800000,0x0000003c4d900000) (1024K)]
Total: 31

Other Threads:
  0x000001fc4433f6a0 VMThread "VM Thread"                           [id=4884, stack(0x0000003c4bc00000,0x0000003c4bd00000) (1024K)]
  0x000001fc442dba00 WatcherThread "VM Periodic Task Thread"        [id=5832, stack(0x0000003c4bb00000,0x0000003c4bc00000) (1024K)]
  0x000001fc2dc19cd0 WorkerThread "GC Thread#0"                     [id=5828, stack(0x0000003c4ba00000,0x0000003c4bb00000) (1024K)]
  0x000001fc86451280 WorkerThread "GC Thread#1"                     [id=1788, stack(0x0000003c4c700000,0x0000003c4c800000) (1024K)]
  0x000001fc8697b8e0 WorkerThread "GC Thread#2"                     [id=4136, stack(0x0000003c4c800000,0x0000003c4c900000) (1024K)]
  0x000001fc868cd570 WorkerThread "GC Thread#3"                     [id=9052, stack(0x0000003c4c900000,0x0000003c4ca00000) (1024K)]
Total: 6

Threads with active compile tasks:
Total: 0

VM state: not at safepoint (normal execution)

VM Mutex/Monitor currently owned by a thread: None

Heap address: 0x0000000080000000, size: 2048 MB, Compressed Oops mode: 32-bit

CDS archive(s) mapped at: [0x000001fc45000000-0x000001fc45ba0000-0x000001fc45ba0000), size 12189696, SharedBaseAddress: 0x000001fc45000000, ArchiveRelocationMode: 1.
Compressed class space mapped at: 0x000001fc46000000-0x000001fc86000000, reserved size: 1073741824
Narrow klass base: 0x000001fc45000000, Narrow klass shift: 0, Narrow klass range: 0x100000000

GC Precious Log:
 CardTable entry size: 512
 CPUs: 4 total, 4 available
 Memory: 3521M
 Large Page Support: Disabled
 NUMA Support: Disabled
 Compressed Oops: Enabled (32-bit)
 Alignments: Space 512K, Generation 512K, Heap 2M
 Heap Min Capacity: 100M
 Heap Initial Capacity: 100M
 Heap Max Capacity: 2G
 Pre-touch: Disabled
 Parallel Workers: 4

Heap:
 PSYoungGen      total 1536K, used 420K [0x00000000d5580000, 0x00000000d5800000, 0x0000000100000000)
  eden space 1024K, 28% used [0x00000000d5580000,0x00000000d55c90a8,0x00000000d5680000)
  from space 512K, 25% used [0x00000000d5680000,0x00000000d56a0000,0x00000000d5700000)
  to   space 512K, 0% used [0x00000000d5780000,0x00000000d5780000,0x00000000d5800000)
 ParOldGen       total 135680K, used 135593K [0x0000000080000000, 0x0000000088480000, 0x00000000d5580000)
  object space 135680K, 99% used [0x0000000080000000,0x000000008846a6d8,0x0000000088480000)
 Metaspace       used 69071K, committed 70528K, reserved 1114112K
  class space    used 7074K, committed 7680K, reserved 1048576K

Card table byte_map: [0x000001fc2d4b0000,0x000001fc2d8c0000] _byte_map_base: 0x000001fc2d0b0000

Marking Bits: (ParMarkBitMap*) 0x00007ffc5c053450
 Begin Bits: [0x000001fc3fe00000, 0x000001fc41e00000)
 End Bits:   [0x000001fc41e00000, 0x000001fc43e00000)

Polling page: 0x000001fc2b7c0000

Metaspace:

Usage:
  Non-class:     60.54 MB used.
      Class:      6.91 MB used.
       Both:     67.45 MB used.

Virtual space:
  Non-class space:       64.00 MB reserved,      61.38 MB ( 96%) committed,  1 nodes.
      Class space:        1.00 GB reserved,       7.50 MB ( <1%) committed,  1 nodes.
             Both:        1.06 GB reserved,      68.88 MB (  6%) committed. 

Chunk freelists:
   Non-Class:  2.38 MB
       Class:  8.47 MB
        Both:  10.84 MB

MaxMetaspaceSize: unlimited
CompressedClassSpaceSize: 1.00 GB
Initial GC threshold: 21.00 MB
Current GC threshold: 97.31 MB
CDS: on
 - commit_granule_bytes: 65536.
 - commit_granule_words: 8192.
 - virtual_space_node_default_size: 8388608.
 - enlarge_chunks_in_place: 1.
 - use_allocation_guard: 0.


Internal statistics:

num_allocs_failed_limit: 9.
num_arena_births: 1234.
num_arena_deaths: 20.
num_vsnodes_births: 2.
num_vsnodes_deaths: 0.
num_space_committed: 1102.
num_space_uncommitted: 0.
num_chunks_returned_to_freelist: 31.
num_chunks_taken_from_freelist: 4525.
num_chunk_merges: 14.
num_chunk_splits: 2773.
num_chunks_enlarged: 1575.
num_inconsistent_stats: 0.

CodeHeap 'non-profiled nmethods': size=120000Kb used=9572Kb max_used=9572Kb free=110427Kb
 bounds [0x000001fc388d0000, 0x000001fc39230000, 0x000001fc3fe00000]
CodeHeap 'profiled nmethods': size=120000Kb used=30550Kb max_used=30550Kb free=89450Kb
 bounds [0x000001fc30e00000, 0x000001fc32be0000, 0x000001fc38330000]
CodeHeap 'non-nmethods': size=5760Kb used=1461Kb max_used=1539Kb free=4298Kb
 bounds [0x000001fc38330000, 0x000001fc385a0000, 0x000001fc388d0000]
CodeCache: size=245760Kb, used=41583Kb, max_used=41661Kb, free=204175Kb
 total_blobs=12991, nmethods=12211, adapters=683, full_count=0
Compilation: enabled, stopped_count=0, restarted_count=0

Compilation events (20 events):
Event: 6484.998 Thread 0x000001fc443c19f0 12995       3       jdk.internal.misc.InnocuousThread::eraseThreadLocals (23 bytes)
Event: 6485.005 Thread 0x000001fc443c19f0 nmethod 12995 0x000001fc32bcff10 code [0x000001fc32bd00a0, 0x000001fc32bd0208]
Event: 6760.452 Thread 0x000001fc443c19f0 12996       3       java.util.logging.LogManager::getLogManager (16 bytes)
Event: 6760.455 Thread 0x000001fc443c19f0 nmethod 12996 0x000001fc32bd0290 code [0x000001fc32bd0440, 0x000001fc32bd0580]
Event: 6790.456 Thread 0x000001fc443c19f0 12997   !   3       java.util.logging.LogManager$LoggerContext::findLogger (113 bytes)
Event: 6790.505 Thread 0x000001fc443c19f0 nmethod 12997 0x000001fc32bd0610 code [0x000001fc32bd08c0, 0x000001fc32bd1740]
Event: 6910.509 Thread 0x000001fc443c19f0 12998       3       jdk.internal.logger.DefaultLoggerFinder::isSystem (18 bytes)
Event: 6910.556 Thread 0x000001fc443c19f0 nmethod 12998 0x000001fc32bd1c90 code [0x000001fc32bd1ee0, 0x000001fc32bd27f0]
Event: 6910.557 Thread 0x000001fc443c19f0 12999       3       jdk.internal.logger.DefaultLoggerFinder$1::<init> (10 bytes)
Event: 6910.557 Thread 0x000001fc443c19f0 nmethod 12999 0x000001fc32bd2b90 code [0x000001fc32bd2d40, 0x000001fc32bd2ec8]
Event: 7090.614 Thread 0x000001fc443c19f0 13000       3       java.util.logging.LogManager::demandLogger (23 bytes)
Event: 7090.632 Thread 0x000001fc443c19f0 nmethod 13000 0x000001fc32bd2f90 code [0x000001fc32bd3140, 0x000001fc32bd3308]
Event: 7090.632 Thread 0x000001fc443c19f0 13001       3       java.util.logging.LogManager::demandLogger (53 bytes)
Event: 7090.639 Thread 0x000001fc443c19f0 nmethod 13001 0x000001fc32bd3410 code [0x000001fc32bd3640, 0x000001fc32bd3c98]
Event: 7090.639 Thread 0x000001fc443c19f0 13002       3       java.util.logging.LogManager::getLogger (9 bytes)
Event: 7090.639 Thread 0x000001fc443c19f0 nmethod 13002 0x000001fc32bd3f10 code [0x000001fc32bd40c0, 0x000001fc32bd42d0]
Event: 7327.558 Thread 0x000001fc443c19f0 13003   !   3       org.eclipse.osgi.container.ModuleDatabase::getTimestamp (25 bytes)
Event: 7327.649 Thread 0x000001fc443c19f0 nmethod 13003 0x000001fc32bd4410 code [0x000001fc32bd4660, 0x000001fc32bd4fa8]
Event: 7417.683 Thread 0x000001fc443c19f0 13004       3       org.eclipse.osgi.storage.Storage::isReadOnly (10 bytes)
Event: 7417.734 Thread 0x000001fc443c19f0 nmethod 13004 0x000001fc32bd5410 code [0x000001fc32bd55c0, 0x000001fc32bd5740]

GC Heap History (20 events):
Event: 3993.511 GC heap before
{Heap before GC invocations=135 (full 3):
 PSYoungGen      total 2560K, used 1920K [0x00000000d5580000, 0x00000000d5900000, 0x0000000100000000)
  eden space 1536K, 99% used [0x00000000d5580000,0x00000000d56ffff0,0x00000000d5700000)
  from space 1024K, 37% used [0x00000000d5700000,0x00000000d5760020,0x00000000d5800000)
  to   space 1024K, 0% used [0x00000000d5800000,0x00000000d5800000,0x00000000d5900000)
 ParOldGen       total 132608K, used 132176K [0x0000000080000000, 0x0000000088180000, 0x00000000d5580000)
  object space 132608K, 99% used [0x0000000080000000,0x00000000881141d8,0x0000000088180000)
 Metaspace       used 68943K, committed 70400K, reserved 1114112K
  class space    used 7073K, committed 7680K, reserved 1048576K
}
Event: 3993.520 GC heap after
{Heap after GC invocations=135 (full 3):
 PSYoungGen      total 2560K, used 560K [0x00000000d5580000, 0x00000000d5900000, 0x0000000100000000)
  eden space 1536K, 0% used [0x00000000d5580000,0x00000000d5580000,0x00000000d5700000)
  from space 1024K, 54% used [0x00000000d5800000,0x00000000d588c010,0x00000000d5900000)
  to   space 1024K, 0% used [0x00000000d5700000,0x00000000d5700000,0x00000000d5800000)
 ParOldGen       total 132608K, used 132411K [0x0000000080000000, 0x0000000088180000, 0x00000000d5580000)
  object space 132608K, 99% used [0x0000000080000000,0x000000008814edf8,0x0000000088180000)
 Metaspace       used 68943K, committed 70400K, reserved 1114112K
  class space    used 7073K, committed 7680K, reserved 1048576K
}
Event: 3993.742 GC heap before
{Heap before GC invocations=136 (full 3):
 PSYoungGen      total 2560K, used 2096K [0x00000000d5580000, 0x00000000d5900000, 0x0000000100000000)
  eden space 1536K, 99% used [0x00000000d5580000,0x00000000d56ffff0,0x00000000d5700000)
  from space 1024K, 54% used [0x00000000d5800000,0x00000000d588c010,0x00000000d5900000)
  to   space 1024K, 0% used [0x00000000d5700000,0x00000000d5700000,0x00000000d5800000)
 ParOldGen       total 132608K, used 132411K [0x0000000080000000, 0x0000000088180000, 0x00000000d5580000)
  object space 132608K, 99% used [0x0000000080000000,0x000000008814edf8,0x0000000088180000)
 Metaspace       used 68958K, committed 70400K, reserved 1114112K
  class space    used 7073K, committed 7680K, reserved 1048576K
}
Event: 3993.747 GC heap after
{Heap after GC invocations=136 (full 3):
 PSYoungGen      total 2560K, used 480K [0x00000000d5580000, 0x00000000d5880000, 0x0000000100000000)
  eden space 1536K, 0% used [0x00000000d5580000,0x00000000d5580000,0x00000000d5700000)
  from space 1024K, 46% used [0x00000000d5700000,0x00000000d5778000,0x00000000d5800000)
  to   space 512K, 0% used [0x00000000d5800000,0x00000000d5800000,0x00000000d5880000)
 ParOldGen       total 133120K, used 132899K [0x0000000080000000, 0x0000000088200000, 0x00000000d5580000)
  object space 133120K, 99% used [0x0000000080000000,0x00000000881c8e08,0x0000000088200000)
 Metaspace       used 68958K, committed 70400K, reserved 1114112K
  class space    used 7073K, committed 7680K, reserved 1048576K
}
Event: 3994.662 GC heap before
{Heap before GC invocations=137 (full 3):
 PSYoungGen      total 2560K, used 2015K [0x00000000d5580000, 0x00000000d5880000, 0x0000000100000000)
  eden space 1536K, 99% used [0x00000000d5580000,0x00000000d56fffa8,0x00000000d5700000)
  from space 1024K, 46% used [0x00000000d5700000,0x00000000d5778000,0x00000000d5800000)
  to   space 512K, 0% used [0x00000000d5800000,0x00000000d5800000,0x00000000d5880000)
 ParOldGen       total 133120K, used 132899K [0x0000000080000000, 0x0000000088200000, 0x00000000d5580000)
  object space 133120K, 99% used [0x0000000080000000,0x00000000881c8e08,0x0000000088200000)
 Metaspace       used 68970K, committed 70400K, reserved 1114112K
  class space    used 7073K, committed 7680K, reserved 1048576K
}
Event: 3994.671 GC heap after
{Heap after GC invocations=137 (full 3):
 PSYoungGen      total 2048K, used 176K [0x00000000d5580000, 0x00000000d5880000, 0x0000000100000000)
  eden space 1536K, 0% used [0x00000000d5580000,0x00000000d5580000,0x00000000d5700000)
  from space 512K, 34% used [0x00000000d5800000,0x00000000d582c010,0x00000000d5880000)
  to   space 512K, 0% used [0x00000000d5780000,0x00000000d5780000,0x00000000d5800000)
 ParOldGen       total 133632K, used 133307K [0x0000000080000000, 0x0000000088280000, 0x00000000d5580000)
  object space 133632K, 99% used [0x0000000080000000,0x000000008822ee18,0x0000000088280000)
 Metaspace       used 68970K, committed 70400K, reserved 1114112K
  class space    used 7073K, committed 7680K, reserved 1048576K
}
Event: 3994.962 GC heap before
{Heap before GC invocations=138 (full 3):
 PSYoungGen      total 2048K, used 1711K [0x00000000d5580000, 0x00000000d5880000, 0x0000000100000000)
  eden space 1536K, 99% used [0x00000000d5580000,0x00000000d56fffb8,0x00000000d5700000)
  from space 512K, 34% used [0x00000000d5800000,0x00000000d582c010,0x00000000d5880000)
  to   space 512K, 0% used [0x00000000d5780000,0x00000000d5780000,0x00000000d5800000)
 ParOldGen       total 133632K, used 133307K [0x0000000080000000, 0x0000000088280000, 0x00000000d5580000)
  object space 133632K, 99% used [0x0000000080000000,0x000000008822ee18,0x0000000088280000)
 Metaspace       used 68974K, committed 70400K, reserved 1114112K
  class space    used 7073K, committed 7680K, reserved 1048576K
}
Event: 3994.967 GC heap after
{Heap after GC invocations=138 (full 3):
 PSYoungGen      total 2048K, used 512K [0x00000000d5580000, 0x00000000d5900000, 0x0000000100000000)
  eden space 1536K, 0% used [0x00000000d5580000,0x00000000d5580000,0x00000000d5700000)
  from space 512K, 100% used [0x00000000d5780000,0x00000000d5800000,0x00000000d5800000)
  to   space 1024K, 0% used [0x00000000d5800000,0x00000000d5800000,0x00000000d5900000)
 ParOldGen       total 133632K, used 133456K [0x0000000080000000, 0x0000000088280000, 0x00000000d5580000)
  object space 133632K, 99% used [0x0000000080000000,0x00000000882542a8,0x0000000088280000)
 Metaspace       used 68974K, committed 70400K, reserved 1114112K
  class space    used 7073K, committed 7680K, reserved 1048576K
}
Event: 3995.070 GC heap before
{Heap before GC invocations=139 (full 3):
 PSYoungGen      total 2048K, used 2048K [0x00000000d5580000, 0x00000000d5900000, 0x0000000100000000)
  eden space 1536K, 100% used [0x00000000d5580000,0x00000000d5700000,0x00000000d5700000)
  from space 512K, 100% used [0x00000000d5780000,0x00000000d5800000,0x00000000d5800000)
  to   space 1024K, 0% used [0x00000000d5800000,0x00000000d5800000,0x00000000d5900000)
 ParOldGen       total 133632K, used 133456K [0x0000000080000000, 0x0000000088280000, 0x00000000d5580000)
  object space 133632K, 99% used [0x0000000080000000,0x00000000882542a8,0x0000000088280000)
 Metaspace       used 69018K, committed 70464K, reserved 1114112K
  class space    used 7074K, committed 7680K, reserved 1048576K
}
Event: 3995.075 GC heap after
{Heap after GC invocations=139 (full 3):
 PSYoungGen      total 2560K, used 544K [0x00000000d5580000, 0x00000000d5900000, 0x0000000100000000)
  eden space 1536K, 0% used [0x00000000d5580000,0x00000000d5580000,0x00000000d5700000)
  from space 1024K, 53% used [0x00000000d5800000,0x00000000d5888000,0x00000000d5900000)
  to   space 1024K, 0% used [0x00000000d5700000,0x00000000d5700000,0x00000000d5800000)
 ParOldGen       total 134144K, used 133928K [0x0000000080000000, 0x0000000088300000, 0x00000000d5580000)
  object space 134144K, 99% used [0x0000000080000000,0x00000000882ca2a8,0x0000000088300000)
 Metaspace       used 69018K, committed 70464K, reserved 1114112K
  class space    used 7074K, committed 7680K, reserved 1048576K
}
Event: 3995.133 GC heap before
{Heap before GC invocations=140 (full 3):
 PSYoungGen      total 2560K, used 2080K [0x00000000d5580000, 0x00000000d5900000, 0x0000000100000000)
  eden space 1536K, 100% used [0x00000000d5580000,0x00000000d5700000,0x00000000d5700000)
  from space 1024K, 53% used [0x00000000d5800000,0x00000000d5888000,0x00000000d5900000)
  to   space 1024K, 0% used [0x00000000d5700000,0x00000000d5700000,0x00000000d5800000)
 ParOldGen       total 134144K, used 133928K [0x0000000080000000, 0x0000000088300000, 0x00000000d5580000)
  object space 134144K, 99% used [0x0000000080000000,0x00000000882ca2a8,0x0000000088300000)
 Metaspace       used 69019K, committed 70464K, reserved 1114112K
  class space    used 7074K, committed 7680K, reserved 1048576K
}
Event: 3995.141 GC heap after
{Heap after GC invocations=140 (full 3):
 PSYoungGen      total 2560K, used 432K [0x00000000d5580000, 0x00000000d5880000, 0x0000000100000000)
  eden space 1536K, 0% used [0x00000000d5580000,0x00000000d5580000,0x00000000d5700000)
  from space 1024K, 42% used [0x00000000d5700000,0x00000000d576c010,0x00000000d5800000)
  to   space 512K, 0% used [0x00000000d5800000,0x00000000d5800000,0x00000000d5880000)
 ParOldGen       total 134656K, used 134407K [0x0000000080000000, 0x0000000088380000, 0x00000000d5580000)
  object space 134656K, 99% used [0x0000000080000000,0x0000000088341f98,0x0000000088380000)
 Metaspace       used 69019K, committed 70464K, reserved 1114112K
  class space    used 7074K, committed 7680K, reserved 1048576K
}
Event: 3995.177 GC heap before
{Heap before GC invocations=141 (full 3):
 PSYoungGen      total 2560K, used 1968K [0x00000000d5580000, 0x00000000d5880000, 0x0000000100000000)
  eden space 1536K, 100% used [0x00000000d5580000,0x00000000d5700000,0x00000000d5700000)
  from space 1024K, 42% used [0x00000000d5700000,0x00000000d576c010,0x00000000d5800000)
  to   space 512K, 0% used [0x00000000d5800000,0x00000000d5800000,0x00000000d5880000)
 ParOldGen       total 134656K, used 134407K [0x0000000080000000, 0x0000000088380000, 0x00000000d5580000)
  object space 134656K, 99% used [0x0000000080000000,0x0000000088341f98,0x0000000088380000)
 Metaspace       used 69020K, committed 70464K, reserved 1114112K
  class space    used 7074K, committed 7680K, reserved 1048576K
}
Event: 3995.181 GC heap after
{Heap after GC invocations=141 (full 3):
 PSYoungGen      total 1536K, used 512K [0x00000000d5580000, 0x00000000d5a00000, 0x0000000100000000)
  eden space 1024K, 0% used [0x00000000d5580000,0x00000000d5580000,0x00000000d5680000)
  from space 512K, 100% used [0x00000000d5800000,0x00000000d5880000,0x00000000d5880000)
  to   space 1536K, 0% used [0x00000000d5680000,0x00000000d5680000,0x00000000d5800000)
 ParOldGen       total 135168K, used 134893K [0x0000000080000000, 0x0000000088400000, 0x00000000d5580000)
  object space 135168K, 99% used [0x0000000080000000,0x00000000883bb448,0x0000000088400000)
 Metaspace       used 69020K, committed 70464K, reserved 1114112K
  class space    used 7074K, committed 7680K, reserved 1048576K
}
Event: 3995.204 GC heap before
{Heap before GC invocations=142 (full 3):
 PSYoungGen      total 1536K, used 1536K [0x00000000d5580000, 0x00000000d5a00000, 0x0000000100000000)
  eden space 1024K, 100% used [0x00000000d5580000,0x00000000d5680000,0x00000000d5680000)
  from space 512K, 100% used [0x00000000d5800000,0x00000000d5880000,0x00000000d5880000)
  to   space 1536K, 0% used [0x00000000d5680000,0x00000000d5680000,0x00000000d5800000)
 ParOldGen       total 135168K, used 134893K [0x0000000080000000, 0x0000000088400000, 0x00000000d5580000)
  object space 135168K, 99% used [0x0000000080000000,0x00000000883bb448,0x0000000088400000)
 Metaspace       used 69026K, committed 70464K, reserved 1114112K
  class space    used 7074K, committed 7680K, reserved 1048576K
}
Event: 3995.208 GC heap after
{Heap after GC invocations=142 (full 3):
 PSYoungGen      total 1536K, used 352K [0x00000000d5580000, 0x00000000d5880000, 0x0000000100000000)
  eden space 1024K, 0% used [0x00000000d5580000,0x00000000d5580000,0x00000000d5680000)
  from space 512K, 68% used [0x00000000d5680000,0x00000000d56d8020,0x00000000d5700000)
  to   space 1024K, 0% used [0x00000000d5780000,0x00000000d5780000,0x00000000d5880000)
 ParOldGen       total 135680K, used 135373K [0x0000000080000000, 0x0000000088480000, 0x00000000d5580000)
  object space 135680K, 99% used [0x0000000080000000,0x0000000088433448,0x0000000088480000)
 Metaspace       used 69026K, committed 70464K, reserved 1114112K
  class space    used 7074K, committed 7680K, reserved 1048576K
}
Event: 3995.259 GC heap before
{Heap before GC invocations=143 (full 3):
 PSYoungGen      total 1536K, used 1376K [0x00000000d5580000, 0x00000000d5880000, 0x0000000100000000)
  eden space 1024K, 100% used [0x00000000d5580000,0x00000000d5680000,0x00000000d5680000)
  from space 512K, 68% used [0x00000000d5680000,0x00000000d56d8020,0x00000000d5700000)
  to   space 1024K, 0% used [0x00000000d5780000,0x00000000d5780000,0x00000000d5880000)
 ParOldGen       total 135680K, used 135373K [0x0000000080000000, 0x0000000088480000, 0x00000000d5580000)
  object space 135680K, 99% used [0x0000000080000000,0x0000000088433448,0x0000000088480000)
 Metaspace       used 69041K, committed 70464K, reserved 1114112K
  class space    used 7074K, committed 7680K, reserved 1048576K
}
Event: 3995.264 GC heap after
{Heap after GC invocations=143 (full 3):
 PSYoungGen      total 1536K, used 352K [0x00000000d5580000, 0x00000000d5800000, 0x0000000100000000)
  eden space 1024K, 0% used [0x00000000d5580000,0x00000000d5580000,0x00000000d5680000)
  from space 512K, 68% used [0x00000000d5780000,0x00000000d57d8000,0x00000000d5800000)
  to   space 512K, 0% used [0x00000000d5680000,0x00000000d5680000,0x00000000d5700000)
 ParOldGen       total 135680K, used 135585K [0x0000000080000000, 0x0000000088480000, 0x00000000d5580000)
  object space 135680K, 99% used [0x0000000080000000,0x00000000884686d8,0x0000000088480000)
 Metaspace       used 69041K, committed 70464K, reserved 1114112K
  class space    used 7074K, committed 7680K, reserved 1048576K
}
Event: 3995.361 GC heap before
{Heap before GC invocations=144 (full 3):
 PSYoungGen      total 1536K, used 1376K [0x00000000d5580000, 0x00000000d5800000, 0x0000000100000000)
  eden space 1024K, 100% used [0x00000000d5580000,0x00000000d5680000,0x00000000d5680000)
  from space 512K, 68% used [0x00000000d5780000,0x00000000d57d8000,0x00000000d5800000)
  to   space 512K, 0% used [0x00000000d5680000,0x00000000d5680000,0x00000000d5700000)
 ParOldGen       total 135680K, used 135585K [0x0000000080000000, 0x0000000088480000, 0x00000000d5580000)
  object space 135680K, 99% used [0x0000000080000000,0x00000000884686d8,0x0000000088480000)
 Metaspace       used 69057K, committed 70464K, reserved 1114112K
  class space    used 7074K, committed 7680K, reserved 1048576K
}
Event: 3995.366 GC heap after
{Heap after GC invocations=144 (full 3):
 PSYoungGen      total 1536K, used 128K [0x00000000d5580000, 0x00000000d5800000, 0x0000000100000000)
  eden space 1024K, 0% used [0x00000000d5580000,0x00000000d5580000,0x00000000d5680000)
  from space 512K, 25% used [0x00000000d5680000,0x00000000d56a0000,0x00000000d5700000)
  to   space 512K, 0% used [0x00000000d5780000,0x00000000d5780000,0x00000000d5800000)
 ParOldGen       total 135680K, used 135593K [0x0000000080000000, 0x0000000088480000, 0x00000000d5580000)
  object space 135680K, 99% used [0x0000000080000000,0x000000008846a6d8,0x0000000088480000)
 Metaspace       used 69057K, committed 70464K, reserved 1114112K
  class space    used 7074K, committed 7680K, reserved 1048576K
}

Dll operation events (10 events):
Event: 0.032 Loaded shared library c:\Users\user\.vscode\extensions\redhat.java-1.54.0-win32-x64\jre\21.0.10-win32-x86_64\bin\java.dll
Event: 0.776 Loaded shared library c:\Users\user\.vscode\extensions\redhat.java-1.54.0-win32-x64\jre\21.0.10-win32-x86_64\bin\zip.dll
Event: 0.827 Loaded shared library C:\Users\user\.vscode\extensions\redhat.java-1.54.0-win32-x64\jre\21.0.10-win32-x86_64\bin\instrument.dll
Event: 0.874 Loaded shared library C:\Users\user\.vscode\extensions\redhat.java-1.54.0-win32-x64\jre\21.0.10-win32-x86_64\bin\net.dll
Event: 0.986 Loaded shared library C:\Users\user\.vscode\extensions\redhat.java-1.54.0-win32-x64\jre\21.0.10-win32-x86_64\bin\nio.dll
Event: 0.992 Loaded shared library C:\Users\user\.vscode\extensions\redhat.java-1.54.0-win32-x64\jre\21.0.10-win32-x86_64\bin\zip.dll
Event: 1.038 Loaded shared library C:\Users\user\.vscode\extensions\redhat.java-1.54.0-win32-x64\jre\21.0.10-win32-x86_64\bin\jimage.dll
Event: 1.321 Loaded shared library c:\Users\user\.vscode\extensions\redhat.java-1.54.0-win32-x64\jre\21.0.10-win32-x86_64\bin\verify.dll
Event: 22.741 Loaded shared library C:\Users\user\AppData\Roaming\Code\User\globalStorage\redhat.java\1.54.0\config_win\org.eclipse.equinox.launcher\org.eclipse.equinox.launcher.win32.win32.x86_64_1.3.0.v20260203-2149\eclipse_11919.dll
Event: 63.409 Loaded shared library C:\Users\user\AppData\Local\Temp\jna-447715925\jna14256636049654716875.dll

Deoptimization events (20 events):
Event: 3731.835 Thread 0x000001fc8c714bc0 DEOPT PACKING pc=0x000001fc3222a906 sp=0x0000003c4d9fd490
Event: 3731.835 Thread 0x000001fc8c714bc0 DEOPT UNPACKING pc=0x000001fc38384242 sp=0x0000003c4d9fc940 mode 0
Event: 3732.049 Thread 0x000001fc8c712460 Uncommon trap: trap_request=0xffffff6e fr.pc=0x000001fc391a7914 relative=0x0000000000000f34
Event: 3732.049 Thread 0x000001fc8c712460 Uncommon trap: reason=loop_limit_check action=maybe_recompile pc=0x000001fc391a7914 method=org.eclipse.jdt.internal.compiler.lookup.BinaryTypeBinding.createMethods([Lorg/eclipse/jdt/internal/compiler/env/IBinaryMethod;Lorg/eclipse/jdt/internal/compiler/en
Event: 3732.049 Thread 0x000001fc8c712460 DEOPT PACKING pc=0x000001fc391a7914 sp=0x0000003c4d5fdd90
Event: 3732.049 Thread 0x000001fc8c712460 DEOPT UNPACKING pc=0x000001fc38383aa2 sp=0x0000003c4d5fdcf8 mode 2
Event: 3732.618 Thread 0x000001fc8c714bc0 Uncommon trap: trap_request=0xffffff45 fr.pc=0x000001fc3907a8f4 relative=0x0000000000000b14
Event: 3732.618 Thread 0x000001fc8c714bc0 Uncommon trap: reason=unstable_if action=reinterpret pc=0x000001fc3907a8f4 method=org.eclipse.jdt.internal.compiler.problem.ProblemReporter.getIrritant(I)I @ 1 c2
Event: 3732.618 Thread 0x000001fc8c714bc0 DEOPT PACKING pc=0x000001fc3907a8f4 sp=0x0000003c4d9fe220
Event: 3732.618 Thread 0x000001fc8c714bc0 DEOPT UNPACKING pc=0x000001fc38383aa2 sp=0x0000003c4d9fe1a8 mode 2
Event: 3732.697 Thread 0x000001fc8c714bc0 DEOPT PACKING pc=0x000001fc323af0fd sp=0x0000003c4d9fc930
Event: 3732.697 Thread 0x000001fc8c714bc0 DEOPT UNPACKING pc=0x000001fc38384242 sp=0x0000003c4d9fbe08 mode 0
Event: 3734.955 Thread 0x000001fc8c70efe0 DEOPT PACKING pc=0x000001fc323f21ac sp=0x0000003c4d8fe120
Event: 3734.963 Thread 0x000001fc8c70efe0 DEOPT UNPACKING pc=0x000001fc38384242 sp=0x0000003c4d8fd558 mode 0
Event: 3908.550 Thread 0x000001fc8c714bc0 DEOPT PACKING pc=0x000001fc31989348 sp=0x0000003c4d9fdfd0
Event: 3908.551 Thread 0x000001fc8c714bc0 DEOPT UNPACKING pc=0x000001fc38384242 sp=0x0000003c4d9fd488 mode 0
Event: 3990.838 Thread 0x000001fc8c711740 Uncommon trap: trap_request=0xffffff45 fr.pc=0x000001fc38d3cb0c relative=0x000000000000038c
Event: 3990.838 Thread 0x000001fc8c711740 Uncommon trap: reason=unstable_if action=reinterpret pc=0x000001fc38d3cb0c method=java.lang.CharacterDataLatin1.digit(II)I @ 12 c2
Event: 3990.838 Thread 0x000001fc8c711740 DEOPT PACKING pc=0x000001fc38d3cb0c sp=0x0000003c4b8fea30
Event: 3990.838 Thread 0x000001fc8c711740 DEOPT UNPACKING pc=0x000001fc38383aa2 sp=0x0000003c4b8fe850 mode 2

Classes loaded (20 events):
Event: 600.909 Loading class java/util/stream/Nodes$CollectorTask$OfRef
Event: 600.926 Loading class java/util/stream/Nodes$CollectorTask
Event: 600.944 Loading class java/util/stream/Nodes$CollectorTask done
Event: 600.944 Loading class java/util/stream/Nodes$CollectorTask$OfRef done
Event: 600.949 Loading class java/util/function/LongFunction
Event: 600.953 Loading class java/util/function/LongFunction done
Event: 600.963 Loading class java/util/stream/Nodes$ConcNode
Event: 600.968 Loading class java/util/stream/Nodes$AbstractConcNode
Event: 600.977 Loading class java/util/stream/Nodes$AbstractConcNode done
Event: 600.977 Loading class java/util/stream/Nodes$ConcNode done
Event: 601.316 Loading class java/util/stream/Nodes$ToArrayTask$OfRef
Event: 601.321 Loading class java/util/stream/Nodes$ToArrayTask
Event: 601.324 Loading class java/util/stream/Nodes$ToArrayTask done
Event: 601.325 Loading class java/util/stream/Nodes$ToArrayTask$OfRef done
Event: 601.344 Loading class java/io/ObjectOutputStream$BlockDataOutputStream
Event: 601.349 Loading class java/io/ObjectOutputStream$BlockDataOutputStream done
Event: 601.349 Loading class java/io/ObjectOutputStream$HandleTable
Event: 601.352 Loading class java/io/ObjectOutputStream$HandleTable done
Event: 601.352 Loading class java/io/ObjectOutputStream$ReplaceTable
Event: 601.354 Loading class java/io/ObjectOutputStream$ReplaceTable done

Classes unloaded (10 events):
Event: 64.802 Thread 0x000001fc4433f6a0 Unloading class 0x000001fc461a4800 'java/lang/invoke/LambdaForm$MH+0x000001fc461a4800'
Event: 64.802 Thread 0x000001fc4433f6a0 Unloading class 0x000001fc461a4400 'java/lang/invoke/LambdaForm$MH+0x000001fc461a4400'
Event: 64.802 Thread 0x000001fc4433f6a0 Unloading class 0x000001fc461a4000 'java/lang/invoke/LambdaForm$MH+0x000001fc461a4000'
Event: 64.802 Thread 0x000001fc4433f6a0 Unloading class 0x000001fc461a3c00 'java/lang/invoke/LambdaForm$MH+0x000001fc461a3c00'
Event: 64.802 Thread 0x000001fc4433f6a0 Unloading class 0x000001fc461a3800 'java/lang/invoke/LambdaForm$BMH+0x000001fc461a3800'
Event: 64.802 Thread 0x000001fc4433f6a0 Unloading class 0x000001fc461a3400 'java/lang/invoke/LambdaForm$DMH+0x000001fc461a3400'
Event: 64.802 Thread 0x000001fc4433f6a0 Unloading class 0x000001fc461a2000 'java/lang/invoke/LambdaForm$DMH+0x000001fc461a2000'
Event: 67.601 Thread 0x000001fc4433f6a0 Unloading class 0x000001fc46308800 'java/lang/invoke/LambdaForm$MH+0x000001fc46308800'
Event: 67.601 Thread 0x000001fc4433f6a0 Unloading class 0x000001fc46308400 'java/lang/invoke/LambdaForm$DMH+0x000001fc46308400'
Event: 67.601 Thread 0x000001fc4433f6a0 Unloading class 0x000001fc46303000 'java/lang/invoke/LambdaForm$MH+0x000001fc46303000'

Classes redefined (0 events):
No events

Internal exceptions (20 events):
Event: 335.016 Thread 0x000001fc86c83270 Exception <a 'sun/nio/fs/WindowsException'{0x00000000d60de2c0}> (0x00000000d60de2c0) 
thrown [s\src\hotspot\share\prims\jni.cpp, line 520]
Event: 336.918 Thread 0x000001fc8df1b8d0 Exception <a 'java/lang/ArrayIndexOutOfBoundsException'{0x00000000d59e2310}> (0x00000000d59e2310) 
thrown [s\src\hotspot\share\runtime\sharedRuntime.cpp, line 625]
Event: 338.117 Thread 0x000001fc8df1e030 Exception <a 'java/lang/NoSuchMethodError'{0x00000000d5be6190}: 'java.lang.Object java.lang.invoke.DirectMethodHandle$Holder.invokeStatic(java.lang.Object, int, int, java.lang.Object)'> (0x00000000d5be6190) 
thrown [s\src\hotspot\share\interpreter\linkResolver.cpp, line 773]
Event: 340.431 Thread 0x000001fc8df1e030 Exception <a 'java/lang/IncompatibleClassChangeError'{0x00000000d63572f8}: Found class java.lang.Object, but interface was expected> (0x00000000d63572f8) 
thrown [s\src\hotspot\share\interpreter\linkResolver.cpp, line 840]
Event: 340.922 Thread 0x000001fc8df1b8d0 Exception <a 'java/lang/ArrayIndexOutOfBoundsException'{0x00000000d59906a8}> (0x00000000d59906a8) 
thrown [s\src\hotspot\share\runtime\sharedRuntime.cpp, line 625]
Event: 342.121 Thread 0x000001fc86c83270 Exception <a 'sun/nio/fs/WindowsException'{0x00000000d5cef238}> (0x00000000d5cef238) 
thrown [s\src\hotspot\share\prims\jni.cpp, line 520]
Event: 342.561 Thread 0x000001fc86c83270 Exception <a 'sun/nio/fs/WindowsException'{0x00000000d57d6660}> (0x00000000d57d6660) 
thrown [s\src\hotspot\share\prims\jni.cpp, line 520]
Event: 427.394 Thread 0x000001fc8df20790 Exception <a 'java/lang/ArrayIndexOutOfBoundsException'{0x00000000d56d9438}: Index 2325 out of bounds for length 2324> (0x00000000d56d9438) 
thrown [s\src\hotspot\share\interpreter\interpreterRuntime.cpp, line 439]
Event: 601.266 Thread 0x000001fc86c83f90 Implicit null exception at 0x000001fc39064e86 to 0x000001fc3906512c
Event: 601.512 Thread 0x000001fc86c83f90 Exception <a 'java/lang/NoSuchMethodError'{0x00000000d5886188}: 'java.lang.Object java.lang.invoke.DirectMethodHandle$Holder.newInvokeSpecial(java.lang.Object, java.lang.Object, java.lang.Object, java.lang.Object, java.lang.Object, java.lang.Object, java.lang.Object, java.lang.Object)'> (0x00000000d5886188) 
thrown [s\src\hotspot\share\interpreter\linkResolver.cpp, line 773]
Event: 3694.003 Thread 0x000001fc86c83270 Exception <a 'sun/nio/fs/WindowsException'{0x00000000d56663e0}> (0x00000000d56663e0) 
thrown [s\src\hotspot\share\prims\jni.cpp, line 520]
Event: 3694.674 Thread 0x000001fc86c83270 Exception <a 'sun/nio/fs/WindowsException'{0x00000000d560b618}> (0x00000000d560b618) 
thrown [s\src\hotspot\share\prims\jni.cpp, line 520]
Event: 3697.624 Thread 0x000001fc86c83270 Implicit null exception at 0x000001fc38f0d7f2 to 0x000001fc38f0faac
Event: 3697.799 Thread 0x000001fc86c83270 Exception <a 'sun/nio/fs/WindowsException'{0x00000000d56a3690}> (0x00000000d56a3690) 
thrown [s\src\hotspot\share\prims\jni.cpp, line 520]
Event: 3698.101 Thread 0x000001fc86c83270 Exception <a 'sun/nio/fs/WindowsException'{0x00000000d56c2e00}> (0x00000000d56c2e00) 
thrown [s\src\hotspot\share\prims\jni.cpp, line 520]
Event: 3721.814 Thread 0x000001fc8df1e030 Exception <a 'sun/nio/fs/WindowsException'{0x00000000d575e1e0}> (0x00000000d575e1e0) 
thrown [s\src\hotspot\share\prims\jni.cpp, line 520]
Event: 3723.351 Thread 0x000001fc86c83270 Exception <a 'sun/nio/fs/WindowsException'{0x00000000d561e568}> (0x00000000d561e568) 
thrown [s\src\hotspot\share\prims\jni.cpp, line 520]
Event: 3724.317 Thread 0x000001fc86c83270 Exception <a 'sun/nio/fs/WindowsException'{0x00000000d560b378}> (0x00000000d560b378) 
thrown [s\src\hotspot\share\prims\jni.cpp, line 520]
Event: 3733.751 Thread 0x000001fc86c83270 Exception <a 'sun/nio/fs/WindowsException'{0x00000000d56b5138}> (0x00000000d56b5138) 
thrown [s\src\hotspot\share\prims\jni.cpp, line 520]
Event: 3734.293 Thread 0x000001fc86c83270 Exception <a 'sun/nio/fs/WindowsException'{0x00000000d569a1c8}> (0x00000000d569a1c8) 
thrown [s\src\hotspot\share\prims\jni.cpp, line 520]

ZGC Phase Switch (0 events):
No events

VM Operations (20 events):
Event: 6976.394 Executing non-safepoint VM operation: HandshakeAllThreads (HandshakeForDeflation)
Event: 6976.402 Executing non-safepoint VM operation: HandshakeAllThreads (HandshakeForDeflation) done
Event: 6976.403 Executing non-safepoint VM operation: RendezvousGCThreads
Event: 6976.404 Executing non-safepoint VM operation: RendezvousGCThreads done
Event: 7096.566 Executing non-safepoint VM operation: HandshakeAllThreads (HandshakeForDeflation)
Event: 7096.572 Executing non-safepoint VM operation: HandshakeAllThreads (HandshakeForDeflation) done
Event: 7096.573 Executing non-safepoint VM operation: RendezvousGCThreads
Event: 7096.574 Executing non-safepoint VM operation: RendezvousGCThreads done
Event: 7156.704 Executing non-safepoint VM operation: HandshakeAllThreads (HandshakeForDeflation)
Event: 7156.710 Executing non-safepoint VM operation: HandshakeAllThreads (HandshakeForDeflation) done
Event: 7156.710 Executing non-safepoint VM operation: RendezvousGCThreads
Event: 7156.710 Executing non-safepoint VM operation: RendezvousGCThreads done
Event: 7216.850 Executing non-safepoint VM operation: HandshakeAllThreads (HandshakeForDeflation)
Event: 7216.857 Executing non-safepoint VM operation: HandshakeAllThreads (HandshakeForDeflation) done
Event: 7216.857 Executing non-safepoint VM operation: RendezvousGCThreads
Event: 7216.858 Executing non-safepoint VM operation: RendezvousGCThreads done
Event: 7337.149 Executing non-safepoint VM operation: HandshakeAllThreads (HandshakeForDeflation)
Event: 7337.156 Executing non-safepoint VM operation: HandshakeAllThreads (HandshakeForDeflation) done
Event: 7337.156 Executing non-safepoint VM operation: RendezvousGCThreads
Event: 7337.156 Executing non-safepoint VM operation: RendezvousGCThreads done

Memory protections (0 events):
No events

Nmethod flushes (20 events):
Event: 80.985 Thread 0x000001fc4433f6a0 flushing  nmethod 0x000001fc31764e90
Event: 80.985 Thread 0x000001fc4433f6a0 flushing  nmethod 0x000001fc3179ab10
Event: 80.985 Thread 0x000001fc4433f6a0 flushing  nmethod 0x000001fc3179d610
Event: 80.985 Thread 0x000001fc4433f6a0 flushing  nmethod 0x000001fc3179e610
Event: 80.985 Thread 0x000001fc4433f6a0 flushing  nmethod 0x000001fc3179eb90
Event: 80.985 Thread 0x000001fc4433f6a0 flushing  nmethod 0x000001fc3179f010
Event: 80.985 Thread 0x000001fc4433f6a0 flushing  nmethod 0x000001fc3179f590
Event: 80.985 Thread 0x000001fc4433f6a0 flushing  nmethod 0x000001fc3179fa90
Event: 80.985 Thread 0x000001fc4433f6a0 flushing  nmethod 0x000001fc317a0990
Event: 80.985 Thread 0x000001fc4433f6a0 flushing  nmethod 0x000001fc317a0f90
Event: 80.985 Thread 0x000001fc4433f6a0 flushing  nmethod 0x000001fc317a1810
Event: 80.985 Thread 0x000001fc4433f6a0 flushing  nmethod 0x000001fc317a1b90
Event: 80.985 Thread 0x000001fc4433f6a0 flushing  nmethod 0x000001fc317a2910
Event: 80.985 Thread 0x000001fc4433f6a0 flushing  nmethod 0x000001fc317a3110
Event: 80.985 Thread 0x000001fc4433f6a0 flushing  nmethod 0x000001fc317c3b10
Event: 80.985 Thread 0x000001fc4433f6a0 flushing  nmethod 0x000001fc317cd110
Event: 80.985 Thread 0x000001fc4433f6a0 flushing  nmethod 0x000001fc317d9690
Event: 80.985 Thread 0x000001fc4433f6a0 flushing  nmethod 0x000001fc317dba90
Event: 80.985 Thread 0x000001fc4433f6a0 flushing  nmethod 0x000001fc317dc090
Event: 80.985 Thread 0x000001fc4433f6a0 flushing  nmethod 0x000001fc317e7a90

Events (20 events):
Event: 3867.739 Thread 0x000001fc8c711dd0 Thread exited: 0x000001fc8c711dd0
Event: 3907.763 Thread 0x000001fc8df1e030 Thread added: 0x000001fc8c711740
Event: 3907.782 Thread 0x000001fc8c714bc0 Thread added: 0x000001fc8c711dd0
Event: 3968.770 Thread 0x000001fc8c714bc0 Thread exited: 0x000001fc8c714bc0
Event: 3991.011 Thread 0x000001fc8df1e030 Thread added: 0x000001fc8c712460
Event: 3992.123 Thread 0x000001fc443c19f0 Thread added: 0x000001fc8db34ea0
Event: 3992.479 Thread 0x000001fc8db34ea0 Thread exited: 0x000001fc8db34ea0
Event: 3993.702 Thread 0x000001fc8df1ed50 Thread added: 0x000001fc8c70efe0
Event: 3993.720 Thread 0x000001fc8c70efe0 Thread exited: 0x000001fc8c70efe0
Event: 3993.733 Thread 0x000001fc8df1ed50 Thread added: 0x000001fc8c70efe0
Event: 3993.751 Thread 0x000001fc8c70efe0 Thread added: 0x000001fc8c714bc0
Event: 3993.778 Thread 0x000001fc8c714bc0 Thread exited: 0x000001fc8c714bc0
Event: 3993.779 Thread 0x000001fc8c70efe0 Thread exited: 0x000001fc8c70efe0
Event: 3994.584 Thread 0x000001fc8df1ed50 Thread added: 0x000001fc8c70efe0
Event: 4022.646 Thread 0x000001fc8c70f670 Thread exited: 0x000001fc8c70f670
Event: 4032.811 Thread 0x000001fc8c713810 Thread exited: 0x000001fc8c713810
Event: 4054.599 Thread 0x000001fc86c83f90 Thread exited: 0x000001fc86c83f90
Event: 4061.766 Thread 0x000001fc8c712460 Thread exited: 0x000001fc8c712460
Event: 4121.778 Thread 0x000001fc8c711dd0 Thread exited: 0x000001fc8c711dd0
Event: 4181.802 Thread 0x000001fc8c711740 Thread exited: 0x000001fc8c711740


Dynamic libraries:
0x00007ff764f10000 - 0x00007ff764f1e000 	c:\Users\user\.vscode\extensions\redhat.java-1.54.0-win32-x64\jre\21.0.10-win32-x86_64\bin\java.exe
0x00007ffcdea60000 - 0x00007ffcdecc6000 	C:\WINDOWS\SYSTEM32\ntdll.dll
0x00007ffcdc940000 - 0x00007ffcdca09000 	C:\WINDOWS\System32\KERNEL32.DLL
0x00007ffcdbd20000 - 0x00007ffcdc11a000 	C:\WINDOWS\System32\KERNELBASE.dll
0x00007ffcdc5f0000 - 0x00007ffcdc73c000 	C:\WINDOWS\System32\ucrtbase.dll
0x00007ffc61eb0000 - 0x00007ffc61ec8000 	c:\Users\user\.vscode\extensions\redhat.java-1.54.0-win32-x64\jre\21.0.10-win32-x86_64\bin\jli.dll
0x00007ffcde850000 - 0x00007ffcdea17000 	C:\WINDOWS\System32\USER32.dll
0x00007ffcdbcf0000 - 0x00007ffcdbd17000 	C:\WINDOWS\System32\win32u.dll
0x00007ffcddd70000 - 0x00007ffcddd9b000 	C:\WINDOWS\System32\GDI32.dll
0x00007ffcdc120000 - 0x00007ffcdc24b000 	C:\WINDOWS\System32\gdi32full.dll
0x00007ffcdc300000 - 0x00007ffcdc3a3000 	C:\WINDOWS\System32\msvcp_win.dll
0x00007ffc61e90000 - 0x00007ffc61eae000 	c:\Users\user\.vscode\extensions\redhat.java-1.54.0-win32-x64\jre\21.0.10-win32-x86_64\bin\VCRUNTIME140.dll
0x00007ffcdaef0000 - 0x00007ffcdb182000 	C:\WINDOWS\WinSxS\amd64_microsoft.windows.common-controls_6595b64144ccf1df_6.0.26100.8521_none_3e08b75ce33403b3\COMCTL32.dll
0x00007ffcdd560000 - 0x00007ffcdd609000 	C:\WINDOWS\System32\msvcrt.dll
0x00007ffcdcc00000 - 0x00007ffcdcc32000 	C:\WINDOWS\System32\IMM32.DLL
0x00007ffc65e70000 - 0x00007ffc65e7c000 	c:\Users\user\.vscode\extensions\redhat.java-1.54.0-win32-x64\jre\21.0.10-win32-x86_64\bin\vcruntime140_1.dll
0x00007ffc5d110000 - 0x00007ffc5d19d000 	c:\Users\user\.vscode\extensions\redhat.java-1.54.0-win32-x64\jre\21.0.10-win32-x86_64\bin\msvcp140.dll
0x00007ffc5b390000 - 0x00007ffc5c131000 	c:\Users\user\.vscode\extensions\redhat.java-1.54.0-win32-x64\jre\21.0.10-win32-x86_64\bin\server\jvm.dll
0x00007ffcdd3c0000 - 0x00007ffcdd476000 	C:\WINDOWS\System32\ADVAPI32.dll
0x00007ffcdd060000 - 0x00007ffcdd10a000 	C:\WINDOWS\System32\sechost.dll
0x00007ffcddf90000 - 0x00007ffcde0a8000 	C:\WINDOWS\System32\RPCRT4.dll
0x00007ffcdc7f0000 - 0x00007ffcdc870000 	C:\WINDOWS\System32\WS2_32.dll
0x00007ffcdbb70000 - 0x00007ffcdbbce000 	C:\WINDOWS\SYSTEM32\POWRPROF.dll
0x00007ffcd37b0000 - 0x00007ffcd37e6000 	C:\WINDOWS\SYSTEM32\WINMM.dll
0x00007ffcd37f0000 - 0x00007ffcd37fb000 	C:\WINDOWS\SYSTEM32\VERSION.dll
0x00007ffcdbb50000 - 0x00007ffcdbb64000 	C:\WINDOWS\SYSTEM32\UMPDC.dll
0x00007ffcda150000 - 0x00007ffcda16b000 	C:\WINDOWS\SYSTEM32\kernel.appcore.dll
0x00007ffc61e80000 - 0x00007ffc61e8a000 	c:\Users\user\.vscode\extensions\redhat.java-1.54.0-win32-x64\jre\21.0.10-win32-x86_64\bin\jimage.dll
0x00007ffcdb4a0000 - 0x00007ffcdb6e2000 	C:\WINDOWS\SYSTEM32\DBGHELP.DLL
0x00007ffcdcc40000 - 0x00007ffcdcfc3000 	C:\WINDOWS\System32\combase.dll
0x00007ffcdd480000 - 0x00007ffcdd559000 	C:\WINDOWS\System32\OLEAUT32.dll
0x00007ffcdb390000 - 0x00007ffcdb3cb000 	C:\WINDOWS\SYSTEM32\dbgcore.DLL
0x00007ffcdc250000 - 0x00007ffcdc2f8000 	C:\WINDOWS\System32\bcryptPrimitives.dll
0x00007ffc61e70000 - 0x00007ffc61e7f000 	c:\Users\user\.vscode\extensions\redhat.java-1.54.0-win32-x64\jre\21.0.10-win32-x86_64\bin\instrument.dll
0x00007ffc5d240000 - 0x00007ffc5d260000 	c:\Users\user\.vscode\extensions\redhat.java-1.54.0-win32-x64\jre\21.0.10-win32-x86_64\bin\java.dll
0x00007ffcde0c0000 - 0x00007ffcde844000 	C:\WINDOWS\System32\SHELL32.dll
0x00007ffcd8e20000 - 0x00007ffcd96a0000 	C:\WINDOWS\SYSTEM32\windows.storage.dll
0x00007ffcddda0000 - 0x00007ffcdde96000 	C:\WINDOWS\System32\SHCORE.dll
0x00007ffcddf20000 - 0x00007ffcddf87000 	C:\WINDOWS\System32\shlwapi.dll
0x00007ffcdbc10000 - 0x00007ffcdbc39000 	C:\WINDOWS\SYSTEM32\profapi.dll
0x00007ffc5d220000 - 0x00007ffc5d238000 	c:\Users\user\.vscode\extensions\redhat.java-1.54.0-win32-x64\jre\21.0.10-win32-x86_64\bin\zip.dll
0x00007ffc5d1f0000 - 0x00007ffc5d200000 	C:\Users\user\.vscode\extensions\redhat.java-1.54.0-win32-x64\jre\21.0.10-win32-x86_64\bin\net.dll
0x00007ffccfe10000 - 0x00007ffccff39000 	C:\WINDOWS\SYSTEM32\WINHTTP.dll
0x00007ffcda680000 - 0x00007ffcda6ec000 	C:\WINDOWS\system32\mswsock.dll
0x00007ffc5d200000 - 0x00007ffc5d216000 	C:\Users\user\.vscode\extensions\redhat.java-1.54.0-win32-x64\jre\21.0.10-win32-x86_64\bin\nio.dll
0x00007ffc5d100000 - 0x00007ffc5d110000 	c:\Users\user\.vscode\extensions\redhat.java-1.54.0-win32-x64\jre\21.0.10-win32-x86_64\bin\verify.dll
0x00007ffc63810000 - 0x00007ffc63855000 	C:\Users\user\AppData\Roaming\Code\User\globalStorage\redhat.java\1.54.0\config_win\org.eclipse.equinox.launcher\org.eclipse.equinox.launcher.win32.win32.x86_64_1.3.0.v20260203-2149\eclipse_11919.dll
0x00007ffcddbd0000 - 0x00007ffcddd68000 	C:\WINDOWS\System32\ole32.dll
0x00007ffcdb810000 - 0x00007ffcdb82b000 	C:\WINDOWS\SYSTEM32\CRYPTSP.dll
0x00007ffcda730000 - 0x00007ffcda769000 	C:\WINDOWS\system32\rsaenh.dll
0x00007ffcda770000 - 0x00007ffcda7a3000 	C:\WINDOWS\SYSTEM32\USERENV.dll
0x00007ffcdbbe0000 - 0x00007ffcdbc0a000 	C:\WINDOWS\SYSTEM32\bcrypt.dll
0x00007ffcda9f0000 - 0x00007ffcda9fc000 	C:\WINDOWS\SYSTEM32\CRYPTBASE.dll
0x00007ffcd9bb0000 - 0x00007ffcd9be3000 	C:\WINDOWS\SYSTEM32\IPHLPAPI.DLL
0x00007ffcde0b0000 - 0x00007ffcde0ba000 	C:\WINDOWS\System32\NSI.dll
0x00007ffca4590000 - 0x00007ffca45d9000 	C:\Users\user\AppData\Local\Temp\jna-447715925\jna14256636049654716875.dll
0x00007ffcdd3b0000 - 0x00007ffcdd3b8000 	C:\WINDOWS\System32\PSAPI.DLL
0x00007ffccfd00000 - 0x00007ffccfd1d000 	C:\WINDOWS\SYSTEM32\dhcpcsvc6.DLL
0x00007ffccfc60000 - 0x00007ffccfc85000 	C:\WINDOWS\SYSTEM32\dhcpcsvc.DLL

JVMTI agents:
c:\Users\user\.vscode\extensions\redhat.java-1.54.0-win32-x64\lombok\lombok-1.18.39-4050.jar path:c:\Users\user\.vscode\extensions\redhat.java-1.54.0-win32-x64\jre\21.0.10-win32-x86_64\bin\instrument.dll, loaded, initialized, instrumentlib options:none

dbghelp: loaded successfully - version: 4.0.5 - missing functions: none
symbol engine: initialized successfully - sym options: 0x614 - pdb path: .;c:\Users\user\.vscode\extensions\redhat.java-1.54.0-win32-x64\jre\21.0.10-win32-x86_64\bin;C:\WINDOWS\SYSTEM32;C:\WINDOWS\WinSxS\amd64_microsoft.windows.common-controls_6595b64144ccf1df_6.0.26100.8521_none_3e08b75ce33403b3;c:\Users\user\.vscode\extensions\redhat.java-1.54.0-win32-x64\jre\21.0.10-win32-x86_64\bin\server;C:\Users\user\AppData\Roaming\Code\User\globalStorage\redhat.java\1.54.0\config_win\org.eclipse.equinox.launcher\org.eclipse.equinox.launcher.win32.win32.x86_64_1.3.0.v20260203-2149;C:\Users\user\AppData\Local\Temp\jna-447715925

VM Arguments:
jvm_args: --add-modules=ALL-SYSTEM --add-opens=java.base/java.util=ALL-UNNAMED --add-opens=java.base/java.lang=ALL-UNNAMED --add-opens=java.base/sun.nio.fs=ALL-UNNAMED -Declipse.application=org.eclipse.jdt.ls.core.id1 -Dosgi.bundles.defaultStartLevel=4 -Declipse.product=org.eclipse.jdt.ls.core.product -Djava.import.generatesMetadataFilesAtProjectRoot=false -DDetectVMInstallationsJob.disabled=true -Dfile.encoding=utf8 -XX:+UseParallelGC -XX:GCTimeRatio=4 -XX:AdaptiveSizePolicyWeight=90 -Dsun.zip.disableMemoryMapping=true -Xmx2G -Xms100m -Xlog:disable -javaagent:c:\Users\user\.vscode\extensions\redhat.java-1.54.0-win32-x64\lombok\lombok-1.18.39-4050.jar -XX:+HeapDumpOnOutOfMemoryError -XX:HeapDumpPath=c:\Users\user\AppData\Roaming\Code\User\workspaceStorage\782abde0800fc041f1ff3781254eac8f\redhat.java -Daether.dependencyCollector.impl=bf 
java_command: c:\Users\user\.vscode\extensions\redhat.java-1.54.0-win32-x64\server\plugins\org.eclipse.equinox.launcher_1.7.100.v20251111-0406.jar -configuration c:\Users\user\AppData\Roaming\Code\User\globalStorage\redhat.java\1.54.0\config_win -data c:\Users\user\AppData\Roaming\Code\User\workspaceStorage\782abde0800fc041f1ff3781254eac8f\redhat.java\jdt_ws --pipe=\\.\pipe\lsp-9980343d6608bdb50b0cc86ba10dd021-sock
java_class_path (initial): c:\Users\user\.vscode\extensions\redhat.java-1.54.0-win32-x64\server\plugins\org.eclipse.equinox.launcher_1.7.100.v20251111-0406.jar
Launcher Type: SUN_STANDARD

[Global flags]
    uintx AdaptiveSizePolicyWeight                 = 90                                        {product} {command line}
     intx CICompilerCount                          = 3                                         {product} {ergonomic}
    uintx GCTimeRatio                              = 4                                         {product} {command line}
     bool HeapDumpOnOutOfMemoryError               = true                                   {manageable} {command line}
    ccstr HeapDumpPath                             = c:\Users\user\AppData\Roaming\Code\User\workspaceStorage\782abde0800fc041f1ff3781254eac8f\redhat.java         {manageable} {command line}
   size_t InitialHeapSize                          = 104857600                                 {product} {command line}
   size_t MaxHeapSize                              = 2147483648                                {product} {command line}
   size_t MaxNewSize                               = 715653120                                 {product} {ergonomic}
   size_t MinHeapDeltaBytes                        = 524288                                    {product} {ergonomic}
   size_t MinHeapSize                              = 104857600                                 {product} {command line}
   size_t NewSize                                  = 34603008                                  {product} {ergonomic}
    uintx NonNMethodCodeHeapSize                   = 5832780                                {pd product} {ergonomic}
    uintx NonProfiledCodeHeapSize                  = 122912730                              {pd product} {ergonomic}
   size_t OldSize                                  = 70254592                                  {product} {ergonomic}
    uintx ProfiledCodeHeapSize                     = 122912730                              {pd product} {ergonomic}
    uintx ReservedCodeCacheSize                    = 251658240                              {pd product} {ergonomic}
     bool SegmentedCodeCache                       = true                                      {product} {ergonomic}
   size_t SoftMaxHeapSize                          = 2147483648                             {manageable} {ergonomic}
     bool UseCompressedOops                        = true                           {product lp64_product} {ergonomic}
     bool UseLargePagesIndividualAllocation        = false                                  {pd product} {ergonomic}
     bool UseParallelGC                            = true                                      {product} {command line}

Logging:
Log output configuration:
 #0: stdout all=off uptime,level,tags foldmultilines=false
 #1: stderr all=off uptime,level,tags foldmultilines=false

Release file:
JAVA_VERSION="21.0.10" 
MODULES="java.base java.compiler java.datatransfer java.xml java.prefs java.desktop java.instrument java.logging java.management java.security.sasl java.naming java.rmi java.management.rmi java.net.http java.scripting java.security.jgss java.transaction.xa java.sql java.sql.rowset java.xml.crypto java.se java.smartcardio jdk.accessibility jdk.internal.jvmstat jdk.attach jdk.charsets jdk.internal.opt jdk.zipfs jdk.compiler jdk.crypto.ec jdk.crypto.cryptoki jdk.crypto.mscapi jdk.dynalink jdk.internal.ed jdk.editpad jdk.hotspot.agent jdk.httpserver jdk.internal.le jdk.internal.vm.ci jdk.internal.vm.compiler jdk.internal.vm.compiler.management jdk.jartool jdk.javadoc jdk.jcmd jdk.management jdk.management.agent jdk.jconsole jdk.jdeps jdk.jdwp.agent jdk.jdi jdk.jfr jdk.jshell jdk.jsobject jdk.jstatd jdk.localedata jdk.management.jfr jdk.naming.dns jdk.naming.rmi jdk.net jdk.nio.mapmode jdk.random jdk.sctp jdk.security.auth jdk.security.jgss jdk.unsupported jdk.unsupported.desktop jdk.xml.dom" 

Environment Variables:
PATH=C:\Program Files\Common Files\Oracle\Java\javapath;C:\xampp\mysql\bin;C:\WINDOWS\system32;C:\WINDOWS;C:\WINDOWS\System32\Wbem;C:\WINDOWS\System32\WindowsPowerShell\v1.0\;C:\WINDOWS\System32\OpenSSH\;C:\Program Files\Git\cmd;C:\Program Files\Java\jdk-25.0.2\bin;C:\xampp\php;C:\Users\user\AppData\Local\Microsoft\WindowsApps;C:\Users\user\AppData\Local\Programs\Microsoft VS Code\bin;
USERNAME=silfinaa
OS=Windows_NT
PROCESSOR_IDENTIFIER=AMD64 Family 23 Model 24 Stepping 1, AuthenticAMD
TMP=C:\Users\user\AppData\Local\Temp
TEMP=C:\Users\user\AppData\Local\Temp




Periodic native trim disabled

---------------  S Y S T E M  ---------------

OS:
 Windows 11 , 64 bit Build 26100 (10.0.26100.8521)
OS uptime: 0 days 2:06 hours
Hyper-V role detected

CPU: total 4 (initial active 4) (4 cores per cpu, 2 threads per core) family 23 model 24 stepping 1 microcode 0x8108109, cx8, cmov, fxsr, ht, mmx, 3dnowpref, sse, sse2, sse3, ssse3, sse4a, sse4.1, sse4.2, popcnt, lzcnt, tsc, tscinvbit, avx, avx2, aes, clmul, bmi1, bmi2, adx, sha, fma, vzeroupper, clflush, clflushopt, hv, rdtscp, f16c
Processor Information for the first 4 processors :
  Max Mhz: 2600, Current Mhz: 2600, Mhz Limit: 2600

Memory: 4k page, system-wide physical 3521M (142M free)
TotalPageFile size 14273M (AvailPageFile size 1M)
current process WorkingSet (physical memory assigned to process): 7M, peak: 254M
current process commit charge ("private bytes"): 421M, peak: 423M

vm_info: OpenJDK 64-Bit Server VM (21.0.10+7-LTS) for windows-amd64 JRE (21.0.10+7-LTS), built on 2026-01-20T00:00:00Z by "admin" with MS VC++ 17.12 (VS2022)

END.
